// Jest Snapshot v1, https://goo.gl/fbAQLP

exports[`<App/ > renders without crashing 1`] = `
<div
  className="row"
>
  <SideNav />
  <div
    className="container"
  >
    <Connect(SearchBar) />
    <Connect(Component) />
  </div>
</div>
`;
